Copyright 1986-2018 Xilinx, Inc. All Rights Reserved.
-----------------------------------------------------------------------------------------------------------------------------------------------
| Tool Version : Vivado v.2018.3 (win64) Build 2405991 Thu Dec  6 23:38:27 MST 2018
| Date         : Wed Jun 17 21:53:42 2026
| Host         : LAPTOP-CNP6NEDE running 64-bit major release  (build 9200)
| Command      : report_methodology -file top_methodology_drc_routed.rpt -pb top_methodology_drc_routed.pb -rpx top_methodology_drc_routed.rpx
| Design       : top
| Device       : xc7z020clg400-2
| Speed File   : -2
| Design State : Fully Routed
-----------------------------------------------------------------------------------------------------------------------------------------------

Report Methodology

Table of Contents
-----------------
1. REPORT SUMMARY
2. REPORT DETAILS

1. REPORT SUMMARY
-----------------
            Netlist: netlist
          Floorplan: design_1
      Design limits: <entire design considered>
             Max violations: <unlimited>
             Violations found: 24
+-----------+----------+-------------------------------------------------------------+------------+
| Rule      | Severity | Description                                                 | Violations |
+-----------+----------+-------------------------------------------------------------+------------+
| SYNTH-9   | Warning  | Small multiplier                                            | 19         |
| TIMING-30 | Warning  | Sub-optimal master source pin selection for generated clock | 1          |
| TIMING-36 | Warning  | Invalid Generated Clock due to missing edge propagation     | 1          |
| XDCB-5    | Warning  | Runtime inefficient way to find pin objects                 | 1          |
| XDCC-1    | Warning  | Scoped Clock constraint overwritten with the same name      | 1          |
| XDCC-7    | Warning  | Scoped Clock constraint overwritten on the same source      | 1          |
+-----------+----------+-------------------------------------------------------------+------------+

2. REPORT DETAILS
-----------------
SYNTH-9#1 Warning
Small multiplier  
Detected multiplier at hdmi_pl_top_i/hdmi_bram_sobel_display_m0/u_alg_RGB2YCbCr/rgb_g_m0_reg[6]_i_1 of size 8x8, it is implemented as LUTs due to its small size. To force the multiplier onto a DSP block, use the USE_DSP48 attribute.
Related violations: <none>

SYNTH-9#2 Warning
Small multiplier  
Detected multiplier at hdmi_pl_top_i/hdmi_bram_sobel_display_m0/u_alg_RGB2YCbCr/rgb_r_m0_reg[5]_i_1 of size 8x7, it is implemented as LUTs due to its small size. To force the multiplier onto a DSP block, use the USE_DSP48 attribute.
Related violations: <none>

SYNTH-9#3 Warning
Small multiplier  
Detected multiplier at ps_uart_bram_hdmi_wrapper_i/u_alg_RGB2YCbCr/rgb_b_m0_reg[10]_i_1 of size 8x5, it is implemented as LUTs due to its small size. To force the multiplier onto a DSP block, use the USE_DSP48 attribute.
Related violations: <none>

SYNTH-9#4 Warning
Small multiplier  
Detected multiplier at ps_uart_bram_hdmi_wrapper_i/u_alg_RGB2YCbCr/rgb_b_m0_reg[10]_i_10 of size 8x5, it is implemented as LUTs due to its small size. To force the multiplier onto a DSP block, use the USE_DSP48 attribute.
Related violations: <none>

SYNTH-9#5 Warning
Small multiplier  
Detected multiplier at ps_uart_bram_hdmi_wrapper_i/u_alg_RGB2YCbCr/rgb_b_m0_reg[12]_i_1 of size 8x5, it is implemented as LUTs due to its small size. To force the multiplier onto a DSP block, use the USE_DSP48 attribute.
Related violations: <none>

SYNTH-9#6 Warning
Small multiplier  
Detected multiplier at ps_uart_bram_hdmi_wrapper_i/u_alg_RGB2YCbCr/rgb_b_m0_reg[12]_i_5 of size 8x5, it is implemented as LUTs due to its small size. To force the multiplier onto a DSP block, use the USE_DSP48 attribute.
Related violations: <none>

SYNTH-9#7 Warning
Small multiplier  
Detected multiplier at ps_uart_bram_hdmi_wrapper_i/u_alg_RGB2YCbCr/rgb_b_m0_reg[2]_i_1 of size 8x5, it is implemented as LUTs due to its small size. To force the multiplier onto a DSP block, use the USE_DSP48 attribute.
Related violations: <none>

SYNTH-9#8 Warning
Small multiplier  
Detected multiplier at ps_uart_bram_hdmi_wrapper_i/u_alg_RGB2YCbCr/rgb_b_m0_reg[6]_i_1 of size 8x5, it is implemented as LUTs due to its small size. To force the multiplier onto a DSP block, use the USE_DSP48 attribute.
Related violations: <none>

SYNTH-9#9 Warning
Small multiplier  
Detected multiplier at ps_uart_bram_hdmi_wrapper_i/u_alg_RGB2YCbCr/rgb_g_m0_reg[10]_i_1 of size 8x8, it is implemented as LUTs due to its small size. To force the multiplier onto a DSP block, use the USE_DSP48 attribute.
Related violations: <none>

SYNTH-9#10 Warning
Small multiplier  
Detected multiplier at ps_uart_bram_hdmi_wrapper_i/u_alg_RGB2YCbCr/rgb_g_m0_reg[14]_i_1 of size 8x8, it is implemented as LUTs due to its small size. To force the multiplier onto a DSP block, use the USE_DSP48 attribute.
Related violations: <none>

SYNTH-9#11 Warning
Small multiplier  
Detected multiplier at ps_uart_bram_hdmi_wrapper_i/u_alg_RGB2YCbCr/rgb_g_m0_reg[15]_i_1 of size 8x8, it is implemented as LUTs due to its small size. To force the multiplier onto a DSP block, use the USE_DSP48 attribute.
Related violations: <none>

SYNTH-9#12 Warning
Small multiplier  
Detected multiplier at ps_uart_bram_hdmi_wrapper_i/u_alg_RGB2YCbCr/rgb_g_m0_reg[15]_i_3 of size 8x8, it is implemented as LUTs due to its small size. To force the multiplier onto a DSP block, use the USE_DSP48 attribute.
Related violations: <none>

SYNTH-9#13 Warning
Small multiplier  
Detected multiplier at ps_uart_bram_hdmi_wrapper_i/u_alg_RGB2YCbCr/rgb_g_m0_reg[2]_i_1 of size 8x8, it is implemented as LUTs due to its small size. To force the multiplier onto a DSP block, use the USE_DSP48 attribute.
Related violations: <none>

SYNTH-9#14 Warning
Small multiplier  
Detected multiplier at ps_uart_bram_hdmi_wrapper_i/u_alg_RGB2YCbCr/rgb_g_m0_reg[6]_i_2 of size 8x8, it is implemented as LUTs due to its small size. To force the multiplier onto a DSP block, use the USE_DSP48 attribute.
Related violations: <none>

SYNTH-9#15 Warning
Small multiplier  
Detected multiplier at ps_uart_bram_hdmi_wrapper_i/u_alg_RGB2YCbCr/rgb_r_m0_reg[13]_i_1 of size 8x7, it is implemented as LUTs due to its small size. To force the multiplier onto a DSP block, use the USE_DSP48 attribute.
Related violations: <none>

SYNTH-9#16 Warning
Small multiplier  
Detected multiplier at ps_uart_bram_hdmi_wrapper_i/u_alg_RGB2YCbCr/rgb_r_m0_reg[13]_i_5 of size 8x7, it is implemented as LUTs due to its small size. To force the multiplier onto a DSP block, use the USE_DSP48 attribute.
Related violations: <none>

SYNTH-9#17 Warning
Small multiplier  
Detected multiplier at ps_uart_bram_hdmi_wrapper_i/u_alg_RGB2YCbCr/rgb_r_m0_reg[1]_i_1 of size 8x7, it is implemented as LUTs due to its small size. To force the multiplier onto a DSP block, use the USE_DSP48 attribute.
Related violations: <none>

SYNTH-9#18 Warning
Small multiplier  
Detected multiplier at ps_uart_bram_hdmi_wrapper_i/u_alg_RGB2YCbCr/rgb_r_m0_reg[5]_i_2 of size 8x7, it is implemented as LUTs due to its small size. To force the multiplier onto a DSP block, use the USE_DSP48 attribute.
Related violations: <none>

SYNTH-9#19 Warning
Small multiplier  
Detected multiplier at ps_uart_bram_hdmi_wrapper_i/u_alg_RGB2YCbCr/rgb_r_m0_reg[9]_i_1 of size 8x7, it is implemented as LUTs due to its small size. To force the multiplier onto a DSP block, use the USE_DSP48 attribute.
Related violations: <none>

TIMING-30#1 Warning
Sub-optimal master source pin selection for generated clock  
The generated clock hdmi_pl_top_i/rgb2dvi_m0/U0/SerialClk has a sub-optimal master source pin selection, timing can be pessimistic
Related violations: <none>

TIMING-36#1 Warning
Invalid Generated Clock due to missing edge propagation  
There is no rising/falling edge propagation between master clock clk_out1_video_clock to generated clock hdmi_pl_top_i/rgb2dvi_m0/U0/SerialClk
Related violations: <none>

XDCB-5#1 Warning
Runtime inefficient way to find pin objects  
The option '-through : [get_pins -filter {NAME =~ *SyncAsync*/oSyncStages_reg[0]/D} -hier]' of constraint 'set_false_path' uses inefficient query to find pin objects (see constraint position '8' in the Timing Constraint window in Vivado IDE). To reduce runtime, it is recommended to get the pins through the cell objects. Please refer to Using Constraints Guide (Constraints Efficiency). An example of optimal query is: get_pins -filter {REF_PIN_NAME=~yy*} -of_objects [get_cells -hierarchical xx*].
Current XDC: c:/Users/ASUS/Desktop/sihaozhu/zynq7020-image-processing1/sobel_05_pc_control_display/sobel_05_pc_control_display.srcs/sources_1/ip/rgb2dvi_0/src/rgb2dvi.xdc (Line: 5)
Related violations: <none>

XDCC-1#1 Warning
Scoped Clock constraint overwritten with the same name  
A new clock constraint create_clock overrides a previous scoped clock constraint with the same name. It is not recommended to override a scoped (typically an IP) clock constraint and could result in unexpected behaviors.
New: create_clock -period 20.000 -waveform {0.000 10.000} [get_ports sys_clk] (Source: C:/Users/ASUS/Desktop/sihaozhu/zynq7020-image-processing1/sobel_05_pc_control_display/sobel_05_pc_control_display.srcs/constrs_1/new/hdmi_out_test.xdc (Line: 3))
Previous: create_clock -period 20.000 [get_ports sys_clk] (Source: c:/Users/ASUS/Desktop/sihaozhu/zynq7020-image-processing1/sobel_05_pc_control_display/sobel_05_pc_control_display.srcs/sources_1/ip/video_clock/video_clock.xdc (Line: 56))
Related violations: <none>

XDCC-7#1 Warning
Scoped Clock constraint overwritten on the same source  
A new clock constraint create_clock overrides a previous scoped clock constraint defined on the same source. It is not recommended to override a scoped (typically an IP) clock constraint and could result in unexpected behaviors.
New: create_clock -period 20.000 -waveform {0.000 10.000} [get_ports sys_clk] (Source: C:/Users/ASUS/Desktop/sihaozhu/zynq7020-image-processing1/sobel_05_pc_control_display/sobel_05_pc_control_display.srcs/constrs_1/new/hdmi_out_test.xdc (Line: 3))
Previous: create_clock -period 20.000 [get_ports sys_clk] (Source: c:/Users/ASUS/Desktop/sihaozhu/zynq7020-image-processing1/sobel_05_pc_control_display/sobel_05_pc_control_display.srcs/sources_1/ip/video_clock/video_clock.xdc (Line: 56))
Related violations: <none>


